*** Using Compiler 'V5.06 update 7 (build 960)', folder: 'D:\Stu15\Documents\Keil stm32\code\ARM\ARMCC\Bin'
Rebuild target 'ADC_CubeMX_Keil'
assembling startup_stm32f103xb.s...
compiling stm32f1xx_it.c...
compiling stm32f1xx_hal_gpio_ex.c...
compiling stm32f1xx_hal_adc_ex.c...
compiling stm32f1xx_hal_pwr.c...
compiling stm32f1xx_hal_msp.c...
compiling stm32f1xx_hal.c...
compiling main.c...
compiling stm32f1xx_hal_cortex.c...
compiling stm32f1xx_hal_dma.c...
compiling stm32f1xx_hal_rcc.c...
compiling stm32f1xx_hal_gpio.c...
compiling stm32f1xx_hal_adc.c...
compiling stm32f1xx_hal_rcc_ex.c...
compiling stm32f1xx_hal_flash_ex.c...
compiling stm32f1xx_hal_exti.c...
compiling system_stm32f1xx.c...
compiling stm32f1xx_hal_flash.c...
compiling stm32f1xx_hal_uart.c...
linking...
Program Size: Code=7348 RO-data=856 RW-data=16 ZI-data=1752  
FromELF: creating hex file...
"ADC_CubeMX_Keil\ADC_CubeMX_Keil.axf" - 0 Error(s), 0 Warning(s).
Build Time Elapsed:  00:00:06
