*** Using Compiler 'V5.06 update 7 (build 960)', folder: 'D:\Stu15\Documents\Keil stm32\code\ARM\ARMCC\Bin'
Rebuild target '06_2_two_button'
assembling startup_stm32f103xb.s...
compiling main.c...
compiling button.c...
compiling stm32f1xx_hal.c...
compiling stm32f1xx_hal_gpio_ex.c...
compiling gpio.c...
compiling stm32f1xx_it.c...
compiling stm32f1xx_hal_msp.c...
compiling display.c...
compiling tim.c...
compiling stm32f1xx_hal_rcc.c...
compiling stm32f1xx_hal_tim_ex.c...
compiling stm32f1xx_hal_tim.c...
compiling stm32f1xx_hal_rcc_ex.c...
compiling stm32f1xx_hal_exti.c...
compiling stm32f1xx_hal_cortex.c...
compiling stm32f1xx_hal_gpio.c...
compiling stm32f1xx_hal_dma.c...
compiling system_stm32f1xx.c...
compiling stm32f1xx_hal_flash.c...
compiling stm32f1xx_hal_pwr.c...
compiling stm32f1xx_hal_flash_ex.c...
linking...
Program Size: Code=4568 RO-data=312 RW-data=24 ZI-data=1704  
FromELF: creating hex file...
"06_2_two_button\06_2_two_button.axf" - 0 Error(s), 0 Warning(s).
Build Time Elapsed:  00:00:03
